<html>
<body>
<pre>
<h1>µVision Build Log</h1>
<h2>Tool Versions:</h2>
IDE-Version: µVision V5.39.0.0
Copyright (C) 2023 ARM Ltd and ARM Germany GmbH. All rights reserved.
License Information: Duy Hung Nguyen, HP Inc., LIC=----
 
Tool Versions:
Toolchain:       MDK-Lite  Version: 5.39.0.0
Toolchain Path:  E:\KeilVision\ARM\ARM_compiler_5.06v7\Bin
C Compiler:      Armcc.exe V5.06 update 7 (build 960)
Assembler:       Armasm.exe V5.06 update 7 (build 960)
Linker/Locator:  ArmLink.exe V5.06 update 7 (build 960)
Library Manager: ArmAr.exe V5.06 update 7 (build 960)
Hex Converter:   FromElf.exe V5.06 update 7 (build 960)
CPU DLL:         SARMCM3.DLL V5.39.0.0
Dialog DLL:      DARMCM1.DLL V1.19.6.0
Target DLL:      PEMicro\Pemicro_ArmCortexInterface.dll V1.3.0.0
Dialog DLL:      TARMCM1.DLL V1.14.6.0
 
<h2>Project:</h2>
E:\Courses\23-24-II\Embedded\Assignment\falling-detection\falling-detection.uvprojx
Project File Date:  06/03/2024

<h2>Output:</h2>
*** Using Compiler 'V5.06 update 7 (build 960)', folder: 'E:\KeilVision\ARM\ARM_compiler_5.06v7\Bin'
Rebuild target 'Target 1'
assembling startup_MKL46Z4.s...
compiling uart.c...
uart.h(3): warning:  #1295-D: Deprecated declaration InitUART - give arg types
  void InitUART();
uart.c(60): warning:  #1-D: last line of file ends without a newline
  }
uart.c: 2 warnings, 0 errors
compiling LCD.c...
LCD.h(17): warning:  #1-D: last line of file ends without a newline
  void sLCD_Fall_Message_Print();
LCD.h(17): warning:  #1295-D: Deprecated declaration sLCD_Fall_Message_Print - give arg types
  void sLCD_Fall_Message_Print();
LCD.c: 2 warnings, 0 errors
compiling timer.c...
timer.h(4): warning:  #1-D: last line of file ends without a newline
  void PIT_IRQHandler();
timer.h(4): warning:  #1295-D: Deprecated declaration PIT_IRQHandler - give arg types
  void PIT_IRQHandler();
timer.c(10): warning:  #188-D: enumerated type mixed with another type
  	NVIC_SetPriority(22,2);
timer.c(11): warning:  #188-D: enumerated type mixed with another type
  	NVIC_EnableIRQ(22);
timer.c(20): warning:  #1-D: last line of file ends without a newline
  }
timer.c: 5 warnings, 0 errors
compiling GPIO.c...
GPIO.h(3): warning:  #1295-D: Deprecated declaration Init_Button - give arg types
  void Init_Button();
GPIO.h(5): warning:  #1295-D: Deprecated declaration Init_LED - give arg types
  void Init_LED();
GPIO.h(7): warning:  #1295-D: Deprecated declaration setGreenLED - give arg types
  void setGreenLED();
GPIO.h(9): warning:  #1295-D: Deprecated declaration setRedLED - give arg types
  void setRedLED();
GPIO.h(11): warning:  #1-D: last line of file ends without a newline
  void TurnOffLED();
GPIO.h(11): warning:  #1295-D: Deprecated declaration TurnOffLED - give arg types
  void TurnOffLED();
GPIO.c(21): warning:  #1-D: last line of file ends without a newline
  }
GPIO.c: 7 warnings, 0 errors
compiling i2c.c...
i2c.h(12): warning:  #1295-D: Deprecated declaration I2C_Init - give arg types
  void I2C_Init();
i2c.c: 1 warning, 0 errors
compiling main.c...
i2c.h(12): warning:  #1295-D: Deprecated declaration I2C_Init - give arg types
  void I2C_Init();
timer.h(4): warning:  #1-D: last line of file ends without a newline
  void PIT_IRQHandler();
timer.h(4): warning:  #1295-D: Deprecated declaration PIT_IRQHandler - give arg types
  void PIT_IRQHandler();
LCD.h(17): warning:  #1-D: last line of file ends without a newline
  void sLCD_Fall_Message_Print();
LCD.h(17): warning:  #1295-D: Deprecated declaration sLCD_Fall_Message_Print - give arg types
  void sLCD_Fall_Message_Print();
uart.h(3): warning:  #1295-D: Deprecated declaration InitUART - give arg types
  void InitUART();
main.c(146): warning:  #1-D: last line of file ends without a newline
  }
main.c: 7 warnings, 0 errors
compiling system_MKL46Z4.c...
linking...
.\Objects\falling-detection.axf: Warning: L6914W: option ro-base ignored when using --scatter.
.\Objects\falling-detection.axf: Warning: L6914W: option rw-base ignored when using --scatter.
.\Objects\falling-detection.axf: Warning: L6340W: options first and last are ignored for link type of scattered
Program Size: Code=3812 RO-data=224 RW-data=68 ZI-data=2048  
Finished: 0 information, 3 warning and 0 error messages.
".\Objects\falling-detection.axf" - 0 Error(s), 27 Warning(s).

<h2>Software Packages used:</h2>

Package Vendor: ARM
                http://www.keil.com/pack/ARM.CMSIS.5.9.0.pack
                ARM::CMSIS@5.9.0
                CMSIS (Common Microcontroller Software Interface Standard)
   * Component: CORE Version: 5.6.0

Package Vendor: NXP
                http://mcuxpresso.nxp.com/cmsis_pack/repo/NXP.MKL46Z4_DFP.10.0.3.pack
                NXP::MKL46Z4_DFP@10.0.3
                Device Family Pack for MKL46Z4
   * Component: Startup Version: 1.0.0

<h2>Collection of Component include folders:</h2>
  ./RTE/Device/MKL46Z256VMC4
  ./RTE/_Target_1
  E:/ARM/Packs/ARM/CMSIS/5.9.0/CMSIS/Core/Include

<h2>Collection of Component Files used:</h2>

   * Component: ARM::CMSIS:CORE@5.6.0

   * Component: NXP::Device:Startup@1.0.0
      Source file:   arm/startup_MKL46Z4.s
      Include file:  MKL46Z4.h
      Include file:  MKL46Z4_features.h
      Include file:  fsl_device_registers.h
      Source file:   system_MKL46Z4.c
      Include file:  system_MKL46Z4.h
Build Time Elapsed:  00:00:01
</pre>
</body>
</html>
