Component: ARM Compiler 5.06 update 7 (build 960) Tool: armlink [4d3601]

==============================================================================

Section Cross References

    main.o(i.PIT_IRQHandler) refers to lcd.o(i.sLCD_DotSet) for sLCD_DotSet
    main.o(i.PIT_IRQHandler) refers to lcd.o(i.sLCD_DotClear) for sLCD_DotClear
    main.o(i.PIT_IRQHandler) refers to main.o(.data) for second
    main.o(i.accelerometer_init) refers to i2c.o(i.I2C_Receive) for I2C_Receive
    main.o(i.accelerometer_init) refers to i2c.o(i.I2C_Transmit) for I2C_Transmit
    main.o(i.accelerometer_read) refers to i2c.o(i.I2C_Receive) for I2C_Receive
    main.o(i.accelerometer_read) refers to main.o(.data) for accel_x
    main.o(i.fall_check) refers to main.o(i._abs) for _abs
    main.o(i.fall_check) refers to main.o(.data) for accel_y
    main.o(i.main) refers to i2c.o(i.I2C_Init) for I2C_Init
    main.o(i.main) refers to uart.o(i.InitUART) for InitUART
    main.o(i.main) refers to main.o(i.accelerometer_init) for accelerometer_init
    main.o(i.main) refers to lcd.o(i.sLCD_Init) for sLCD_Init
    main.o(i.main) refers to timer.o(i.Timer_Init) for Timer_Init
    main.o(i.main) refers to main.o(i.show_current_time) for show_current_time
    main.o(i.main) refers to lcd.o(i.sLCD_Fall_Message_Print) for sLCD_Fall_Message_Print
    main.o(i.main) refers to lcd.o(i.sLCD_Clear) for sLCD_Clear
    main.o(i.main) refers to main.o(i.accelerometer_read) for accelerometer_read
    main.o(i.main) refers to main.o(i.fall_check) for fall_check
    main.o(i.main) refers to main.o(i.send_data) for send_data
    main.o(i.main) refers to main.o(.data) for isFell
    main.o(i.send_data) refers to _printf_percent.o(.ARM.Collect$$_printf_percent$$00000000) for _printf_percent
    main.o(i.send_data) refers to _printf_d.o(.ARM.Collect$$_printf_percent$$00000009) for _printf_d
    main.o(i.send_data) refers to _printf_dec.o(.text) for _printf_int_dec
    main.o(i.send_data) refers to noretval__2sprintf.o(.text) for __2sprintf
    main.o(i.send_data) refers to strlen.o(.text) for strlen
    main.o(i.send_data) refers to uart.o(i.TransferMsg) for TransferMsg
    main.o(i.send_data) refers to main.o(.data) for accel_z
    main.o(i.show_current_time) refers to aeabi_sdiv.o(.text) for __aeabi_idivmod
    main.o(i.show_current_time) refers to lcd.o(i.sLCD_Print) for sLCD_Print
    main.o(i.show_current_time) refers to main.o(.data) for minute
    lcd.o(i.sLCD_Clear) refers to lcd.o(.data) for digit_ABC
    lcd.o(i.sLCD_DotClear) refers to lcd.o(.data) for digit_ABC
    lcd.o(i.sLCD_DotSet) refers to lcd.o(.data) for digit_ABC
    lcd.o(i.sLCD_Fall_Message_Print) refers to lcd.o(i.sLCD_Clear) for sLCD_Clear
    lcd.o(i.sLCD_Fall_Message_Print) refers to lcd.o(.data) for FALL_ABC
    lcd.o(i.sLCD_Print) refers to lcd.o(.data) for digit_ABC
    timer.o(i.Timer_Init) refers to timer.o(i.__NVIC_SetPriority) for __NVIC_SetPriority
    uart.o(i.InitUART) refers to aeabi_sdiv.o(.text) for __aeabi_uidivmod
    uart.o(i.InitUART) refers to system_mkl46z4.o(.data) for SystemCoreClock
    uart.o(i.TransferMsg) refers to uart.o(i.TransferSingleChar) for TransferSingleChar
    startup_mkl46z4.o(RESET) refers to startup_mkl46z4.o(.text) for Reset_Handler
    startup_mkl46z4.o(RESET) refers to main.o(i.PIT_IRQHandler) for PIT_IRQHandler
    startup_mkl46z4.o(.text) refers to startup_mkl46z4.o(FlashConfig) for FlashConfig
    startup_mkl46z4.o(.text) refers to startup_mkl46z4.o(RESET) for __Vectors
    startup_mkl46z4.o(.text) refers to system_mkl46z4.o(i.SystemInit) for SystemInit
    startup_mkl46z4.o(.text) refers to __main.o(!!!main) for __main
    system_mkl46z4.o(i.SystemCoreClockUpdate) refers to aeabi_sdiv.o(.text) for __aeabi_uidivmod
    system_mkl46z4.o(i.SystemCoreClockUpdate) refers to system_mkl46z4.o(i.__ARM_common_switch8) for __ARM_common_switch8
    system_mkl46z4.o(i.SystemCoreClockUpdate) refers to system_mkl46z4.o(.data) for SystemCoreClock
    system_mkl46z4.o(i.SystemInit) refers to system_mkl46z4.o(i.SystemInitHook) for SystemInitHook
    __2sprintf.o(.text) refers to _printf_char_common.o(.text) for _printf_char_common
    __2sprintf.o(.text) refers to _sputc.o(.text) for _sputc
    noretval__2sprintf.o(.text) refers to _printf_char_common.o(.text) for _printf_char_common
    noretval__2sprintf.o(.text) refers to _sputc.o(.text) for _sputc
    __printf.o(.text) refers to _printf_percent.o(.ARM.Collect$$_printf_percent$$00000000) for _printf_percent
    _printf_dec.o(.text) refers to rtudiv10.o(.text) for __rt_udiv10
    _printf_dec.o(.text) refers to _printf_intcommon.o(.text) for _printf_int_common
    __printf_flags.o(.text) refers to _printf_percent.o(.ARM.Collect$$_printf_percent$$00000000) for _printf_percent
    __printf_flags.o(.text) refers to __printf_flags.o(.constdata) for .constdata
    __printf_ss.o(.text) refers to _printf_percent.o(.ARM.Collect$$_printf_percent$$00000000) for _printf_percent
    __printf_flags_ss.o(.text) refers to _printf_percent.o(.ARM.Collect$$_printf_percent$$00000000) for _printf_percent
    __printf_flags_ss.o(.text) refers to __printf_flags_ss.o(.constdata) for .constdata
    __printf_wp.o(.text) refers to __printf_wp.o(i._is_digit) for _is_digit
    __printf_wp.o(.text) refers to _printf_percent.o(.ARM.Collect$$_printf_percent$$00000000) for _printf_percent
    __printf_flags_wp.o(.text) refers to __printf_wp.o(i._is_digit) for _is_digit
    __printf_flags_wp.o(.text) refers to _printf_percent.o(.ARM.Collect$$_printf_percent$$00000000) for _printf_percent
    __printf_flags_wp.o(.text) refers to __printf_flags_wp.o(.constdata) for .constdata
    __printf_ss_wp.o(.text) refers to __printf_wp.o(i._is_digit) for _is_digit
    __printf_ss_wp.o(.text) refers to _printf_percent.o(.ARM.Collect$$_printf_percent$$00000000) for _printf_percent
    __printf_flags_ss_wp.o(.text) refers to __printf_wp.o(i._is_digit) for _is_digit
    __printf_flags_ss_wp.o(.text) refers to _printf_percent.o(.ARM.Collect$$_printf_percent$$00000000) for _printf_percent
    __printf_flags_ss_wp.o(.text) refers to __printf_flags_ss_wp.o(.constdata) for .constdata
    _printf_d.o(.ARM.Collect$$_printf_percent$$00000009) refers (Weak) to _printf_dec.o(.text) for _printf_int_dec
    _printf_percent.o(.ARM.Collect$$_printf_percent$$00000000) refers (Special) to _printf_percent_end.o(.ARM.Collect$$_printf_percent$$00000017) for _printf_percent_end
    __main.o(!!!main) refers to __rtentry.o(.ARM.Collect$$rtentry$$00000000) for __rt_entry
    __rtentry.o(.ARM.Collect$$rtentry$$00000000) refers (Special) to __rtentry2.o(.ARM.Collect$$rtentry$$0000000A) for __rt_entry_li
    __rtentry.o(.ARM.Collect$$rtentry$$00000000) refers (Special) to __rtentry2.o(.ARM.Collect$$rtentry$$0000000D) for __rt_entry_main
    __rtentry.o(.ARM.Collect$$rtentry$$00000000) refers (Special) to __rtentry2.o(.ARM.Collect$$rtentry$$0000000C) for __rt_entry_postli_1
    __rtentry.o(.ARM.Collect$$rtentry$$00000000) refers (Special) to __rtentry2.o(.ARM.Collect$$rtentry$$00000009) for __rt_entry_postsh_1
    __rtentry.o(.ARM.Collect$$rtentry$$00000000) refers (Special) to __rtentry2.o(.ARM.Collect$$rtentry$$00000002) for __rt_entry_presh_1
    __rtentry.o(.ARM.Collect$$rtentry$$00000000) refers (Special) to __rtentry7.o(.ARM.Collect$$rtentry$$00000007) for __rt_entry_sh
    aeabi_idiv0_sigfpe.o(.text) refers to rt_div0.o(.text) for __rt_div0
    _printf_char_common.o(.text) refers to __printf.o(.text) for __printf
    __rtentry2.o(.ARM.Collect$$rtentry$$00000008) refers to boardinit2.o(.text) for _platform_post_stackheap_init
    __rtentry2.o(.ARM.Collect$$rtentry$$0000000A) refers to libinit.o(.ARM.Collect$$libinit$$00000000) for __rt_lib_init
    __rtentry2.o(.ARM.Collect$$rtentry$$0000000B) refers to boardinit3.o(.text) for _platform_post_lib_init
    __rtentry2.o(.ARM.Collect$$rtentry$$0000000D) refers to main.o(i.main) for main
    __rtentry2.o(.ARM.Collect$$rtentry$$0000000D) refers to exit.o(.text) for exit
    __rtentry2.o(.ARM.exidx) refers to __rtentry2.o(.ARM.Collect$$rtentry$$00000001) for .ARM.Collect$$rtentry$$00000001
    __rtentry2.o(.ARM.exidx) refers to __rtentry2.o(.ARM.Collect$$rtentry$$00000008) for .ARM.Collect$$rtentry$$00000008
    __rtentry2.o(.ARM.exidx) refers to __rtentry2.o(.ARM.Collect$$rtentry$$0000000A) for .ARM.Collect$$rtentry$$0000000A
    __rtentry2.o(.ARM.exidx) refers to __rtentry2.o(.ARM.Collect$$rtentry$$0000000B) for .ARM.Collect$$rtentry$$0000000B
    __rtentry2.o(.ARM.exidx) refers to __rtentry2.o(.ARM.Collect$$rtentry$$0000000D) for .ARM.Collect$$rtentry$$0000000D
    __rtentry4.o(.ARM.Collect$$rtentry$$00000004) refers to sys_stackheap_outer.o(.text) for __user_setup_stackheap
    __rtentry4.o(.ARM.exidx) refers to __rtentry4.o(.ARM.Collect$$rtentry$$00000004) for .ARM.Collect$$rtentry$$00000004
    __rtentry7.o(.ARM.Collect$$rtentry$$00000007) refers to __rtentry7.o(.ARM.Collect$$rtentry$$00002718) for __lit__00000000
    __rtentry7.o(__vectab_stack_and_reset_2_area) refers to __main.o(!!!main) for __main
    __rtentry7.o(.ARM.exidx) refers to __rtentry7.o(.ARM.Collect$$rtentry$$00000007) for .ARM.Collect$$rtentry$$00000007
    __rtentry7.o(.ARM.exidx) refers to __rtentry7.o(.ARM.Collect$$rtentry$$00002718) for .ARM.Collect$$rtentry$$00002718
    rt_div0.o(.text) refers to defsig_fpe_outer.o(.text) for __rt_SIGFPE
    sys_stackheap_outer.o(.text) refers to libspace.o(.text) for __user_perproc_libspace
    sys_stackheap_outer.o(.text) refers to sys_stackheap.o(.text) for __user_initial_stackheap
    sys_stackheap_outer.o(__vectab_stack_and_reset_area) refers to tempstk.o(.text) for __temporary_stack_top
    sys_stackheap_outer.o(__vectab_stack_and_reset_area) refers to __main.o(!!!main) for __main
    exit.o(.text) refers to rtexit.o(.ARM.Collect$$rtexit$$00000000) for __rt_exit
    defsig_fpe_outer.o(.text) refers to defsig_fpe_inner.o(.text) for __rt_SIGFPE_inner
    defsig_fpe_outer.o(.text) refers to defsig_exit.o(.text) for __sig_exit
    defsig_fpe_formal.o(.text) refers to rt_raise.o(.text) for __rt_raise
    libinit.o(.ARM.Collect$$libinit$$00000000) refers (Special) to libinit2.o(.ARM.Collect$$libinit$$0000002E) for __rt_lib_init_alloca_1
    libinit.o(.ARM.Collect$$libinit$$00000000) refers (Special) to libinit2.o(.ARM.Collect$$libinit$$0000002C) for __rt_lib_init_argv_1
    libinit.o(.ARM.Collect$$libinit$$00000000) refers (Special) to libinit2.o(.ARM.Collect$$libinit$$0000001B) for __rt_lib_init_atexit_1
    libinit.o(.ARM.Collect$$libinit$$00000000) refers (Special) to libinit2.o(.ARM.Collect$$libinit$$00000021) for __rt_lib_init_clock_1
    libinit.o(.ARM.Collect$$libinit$$00000000) refers (Special) to libinit2.o(.ARM.Collect$$libinit$$00000032) for __rt_lib_init_cpp_1
    libinit.o(.ARM.Collect$$libinit$$00000000) refers (Special) to libinit2.o(.ARM.Collect$$libinit$$00000030) for __rt_lib_init_exceptions_1
    libinit.o(.ARM.Collect$$libinit$$00000000) refers (Special) to libinit2.o(.ARM.Collect$$libinit$$00000002) for __rt_lib_init_fp_1
    libinit.o(.ARM.Collect$$libinit$$00000000) refers (Special) to libinit2.o(.ARM.Collect$$libinit$$0000001F) for __rt_lib_init_fp_trap_1
    libinit.o(.ARM.Collect$$libinit$$00000000) refers (Special) to libinit2.o(.ARM.Collect$$libinit$$00000023) for __rt_lib_init_getenv_1
    libinit.o(.ARM.Collect$$libinit$$00000000) refers (Special) to libinit2.o(.ARM.Collect$$libinit$$0000000A) for __rt_lib_init_heap_1
    libinit.o(.ARM.Collect$$libinit$$00000000) refers (Special) to libinit2.o(.ARM.Collect$$libinit$$00000011) for __rt_lib_init_lc_collate_1
    libinit.o(.ARM.Collect$$libinit$$00000000) refers (Special) to libinit2.o(.ARM.Collect$$libinit$$00000013) for __rt_lib_init_lc_ctype_1
    libinit.o(.ARM.Collect$$libinit$$00000000) refers (Special) to libinit2.o(.ARM.Collect$$libinit$$00000015) for __rt_lib_init_lc_monetary_1
    libinit.o(.ARM.Collect$$libinit$$00000000) refers (Special) to libinit2.o(.ARM.Collect$$libinit$$00000017) for __rt_lib_init_lc_numeric_1
    libinit.o(.ARM.Collect$$libinit$$00000000) refers (Special) to libinit2.o(.ARM.Collect$$libinit$$00000019) for __rt_lib_init_lc_time_1
    libinit.o(.ARM.Collect$$libinit$$00000000) refers (Special) to libinit2.o(.ARM.Collect$$libinit$$00000004) for __rt_lib_init_preinit_1
    libinit.o(.ARM.Collect$$libinit$$00000000) refers (Special) to libinit2.o(.ARM.Collect$$libinit$$0000000E) for __rt_lib_init_rand_1
    libinit.o(.ARM.Collect$$libinit$$00000000) refers (Special) to libinit2.o(.ARM.Collect$$libinit$$00000033) for __rt_lib_init_return
    libinit.o(.ARM.Collect$$libinit$$00000000) refers (Special) to libinit2.o(.ARM.Collect$$libinit$$0000001D) for __rt_lib_init_signal_1
    libinit.o(.ARM.Collect$$libinit$$00000000) refers (Special) to libinit2.o(.ARM.Collect$$libinit$$00000025) for __rt_lib_init_stdio_1
    libinit.o(.ARM.Collect$$libinit$$00000000) refers (Special) to libinit2.o(.ARM.Collect$$libinit$$0000000C) for __rt_lib_init_user_alloc_1
    libspace.o(.text) refers to libspace.o(.bss) for __libspace_start
    sys_stackheap.o(.text) refers (Special) to indicate_semi.o(.text) for __semihosting_library_function
    sys_stackheap.o(.text) refers to use_no_semi.o(.text) for __I$use$semihosting
    rtexit.o(.ARM.Collect$$rtexit$$00000000) refers (Special) to rtexit2.o(.ARM.Collect$$rtexit$$00000004) for __rt_exit_exit
    rtexit.o(.ARM.Collect$$rtexit$$00000000) refers (Special) to rtexit2.o(.ARM.Collect$$rtexit$$00000003) for __rt_exit_ls
    rtexit.o(.ARM.Collect$$rtexit$$00000000) refers (Special) to rtexit2.o(.ARM.Collect$$rtexit$$00000002) for __rt_exit_prels_1
    rtexit.o(.ARM.exidx) refers (Special) to rtexit2.o(.ARM.Collect$$rtexit$$00000004) for __rt_exit_exit
    rtexit.o(.ARM.exidx) refers (Special) to rtexit2.o(.ARM.Collect$$rtexit$$00000003) for __rt_exit_ls
    rtexit.o(.ARM.exidx) refers (Special) to rtexit2.o(.ARM.Collect$$rtexit$$00000002) for __rt_exit_prels_1
    rtexit.o(.ARM.exidx) refers to rtexit.o(.ARM.Collect$$rtexit$$00000000) for .ARM.Collect$$rtexit$$00000000
    rt_raise.o(.text) refers to __raise.o(.text) for __raise
    rt_raise.o(.text) refers to sys_exit.o(.text) for _sys_exit
    defsig_exit.o(.text) refers to sys_exit.o(.text) for _sys_exit
    defsig_fpe_inner.o(.text) refers to defsig_general.o(.text) for __default_signal_display
    libinit2.o(.ARM.Collect$$libinit$$00000010) refers to libinit2.o(.ARM.Collect$$libinit$$0000000F) for .ARM.Collect$$libinit$$0000000F
    libinit2.o(.ARM.Collect$$libinit$$00000012) refers to libinit2.o(.ARM.Collect$$libinit$$0000000F) for .ARM.Collect$$libinit$$0000000F
    libinit2.o(.ARM.Collect$$libinit$$00000014) refers to libinit2.o(.ARM.Collect$$libinit$$0000000F) for .ARM.Collect$$libinit$$0000000F
    libinit2.o(.ARM.Collect$$libinit$$00000016) refers to libinit2.o(.ARM.Collect$$libinit$$0000000F) for .ARM.Collect$$libinit$$0000000F
    libinit2.o(.ARM.Collect$$libinit$$00000018) refers to libinit2.o(.ARM.Collect$$libinit$$0000000F) for .ARM.Collect$$libinit$$0000000F
    libinit2.o(.ARM.Collect$$libinit$$00000026) refers to argv_veneer.o(.text) for __ARM_argv_veneer
    libinit2.o(.ARM.Collect$$libinit$$00000027) refers to argv_veneer.o(.text) for __ARM_argv_veneer
    libinit5.o(.ARM.Collect$$libinit$$00000008) refers to libinit5.o(.ARM.Collect$$libinit$$00002719) for __lit__00000000
    libinit5.o(.ARM.Collect$$libinit$$0000002A) refers to libinit5.o(.ARM.Collect$$libinit$$0000273B) for __lit__00000002
    libinit5.o(.ARM.Collect$$libinit$$0000002A) refers to argv_veneer.o(.text) for __ARM_argv_veneer
    sys_exit.o(.text) refers (Special) to use_no_semi.o(.text) for __I$use$semihosting
    sys_exit.o(.text) refers (Special) to indicate_semi.o(.text) for __semihosting_library_function
    rtexit2.o(.ARM.Collect$$rtexit$$00000003) refers to libshutdown.o(.ARM.Collect$$libshutdown$$00000000) for __rt_lib_shutdown
    rtexit2.o(.ARM.Collect$$rtexit$$00000004) refers to sys_exit.o(.text) for _sys_exit
    rtexit2.o(.ARM.exidx) refers to rtexit2.o(.ARM.Collect$$rtexit$$00000001) for .ARM.Collect$$rtexit$$00000001
    rtexit2.o(.ARM.exidx) refers to rtexit2.o(.ARM.Collect$$rtexit$$00000003) for .ARM.Collect$$rtexit$$00000003
    rtexit2.o(.ARM.exidx) refers to rtexit2.o(.ARM.Collect$$rtexit$$00000004) for .ARM.Collect$$rtexit$$00000004
    __raise.o(.text) refers to defsig.o(CL$$defsig) for __default_signal_handler
    defsig_general.o(.text) refers to sys_wrch.o(.text) for _ttywrch
    sys_wrch.o(.text) refers (Special) to use_no_semi.o(.text) for __I$use$semihosting
    sys_wrch.o(.text) refers (Special) to indicate_semi.o(.text) for __semihosting_library_function
    defsig.o(CL$$defsig) refers to defsig_fpe_inner.o(.text) for __rt_SIGFPE_inner
    defsig.o(CL$$defsig) refers to defsig_rtmem_inner.o(.text) for __rt_SIGRTMEM_inner
    _get_argv_nomalloc.o(.text) refers (Special) to hrguard.o(.text) for __heap_region$guard
    _get_argv_nomalloc.o(.text) refers to defsig_rtmem_outer.o(.text) for __rt_SIGRTMEM
    _get_argv_nomalloc.o(.text) refers to sys_command.o(.text) for _sys_command_string
    libshutdown.o(.ARM.Collect$$libshutdown$$00000000) refers (Special) to libshutdown2.o(.ARM.Collect$$libshutdown$$00000004) for __rt_lib_shutdown_cpp_1
    libshutdown.o(.ARM.Collect$$libshutdown$$00000000) refers (Special) to libshutdown2.o(.ARM.Collect$$libshutdown$$00000002) for __rt_lib_shutdown_fini_1
    libshutdown.o(.ARM.Collect$$libshutdown$$00000000) refers (Special) to libshutdown2.o(.ARM.Collect$$libshutdown$$00000009) for __rt_lib_shutdown_fp_trap_1
    libshutdown.o(.ARM.Collect$$libshutdown$$00000000) refers (Special) to libshutdown2.o(.ARM.Collect$$libshutdown$$00000011) for __rt_lib_shutdown_heap_1
    libshutdown.o(.ARM.Collect$$libshutdown$$00000000) refers (Special) to libshutdown2.o(.ARM.Collect$$libshutdown$$00000012) for __rt_lib_shutdown_return
    libshutdown.o(.ARM.Collect$$libshutdown$$00000000) refers (Special) to libshutdown2.o(.ARM.Collect$$libshutdown$$0000000C) for __rt_lib_shutdown_signal_1
    libshutdown.o(.ARM.Collect$$libshutdown$$00000000) refers (Special) to libshutdown2.o(.ARM.Collect$$libshutdown$$00000006) for __rt_lib_shutdown_stdio_1
    libshutdown.o(.ARM.Collect$$libshutdown$$00000000) refers (Special) to libshutdown2.o(.ARM.Collect$$libshutdown$$0000000E) for __rt_lib_shutdown_user_alloc_1
    sys_command.o(.text) refers (Special) to use_no_semi.o(.text) for __I$use$semihosting
    sys_command.o(.text) refers (Special) to indicate_semi.o(.text) for __semihosting_library_function
    defsig_abrt_inner.o(.text) refers to defsig_general.o(.text) for __default_signal_display
    defsig_rtred_inner.o(.text) refers to defsig_general.o(.text) for __default_signal_display
    defsig_rtmem_inner.o(.text) refers to defsig_general.o(.text) for __default_signal_display
    defsig_rtmem_outer.o(.text) refers to defsig_rtmem_inner.o(.text) for __rt_SIGRTMEM_inner
    defsig_rtmem_outer.o(.text) refers to defsig_exit.o(.text) for __sig_exit
    defsig_rtmem_formal.o(.text) refers to rt_raise.o(.text) for __rt_raise
    defsig_stak_inner.o(.text) refers to defsig_general.o(.text) for __default_signal_display
    defsig_pvfn_inner.o(.text) refers to defsig_general.o(.text) for __default_signal_display
    defsig_cppl_inner.o(.text) refers to defsig_general.o(.text) for __default_signal_display
    defsig_segv_inner.o(.text) refers to defsig_general.o(.text) for __default_signal_display
    defsig_other.o(.text) refers to defsig_general.o(.text) for __default_signal_display


==============================================================================

Removing Unused input sections from the image.

    Removing main.o(.rev16_text), (4 bytes).
    Removing main.o(.revsh_text), (4 bytes).
    Removing i2c.o(.rev16_text), (4 bytes).
    Removing i2c.o(.revsh_text), (4 bytes).
    Removing lcd.o(.rev16_text), (4 bytes).
    Removing lcd.o(.revsh_text), (4 bytes).
    Removing timer.o(.rev16_text), (4 bytes).
    Removing timer.o(.revsh_text), (4 bytes).
    Removing uart.o(.rev16_text), (4 bytes).
    Removing uart.o(.revsh_text), (4 bytes).
    Removing gpio.o(.rev16_text), (4 bytes).
    Removing gpio.o(.revsh_text), (4 bytes).
    Removing gpio.o(i.InitButton), (2 bytes).
    Removing gpio.o(i.InitLED), (2 bytes).
    Removing gpio.o(i.setGreenLED), (2 bytes).
    Removing gpio.o(i.setRedLED), (2 bytes).
    Removing gpio.o(i.turnOffLED), (2 bytes).
    Removing system_mkl46z4.o(.rev16_text), (4 bytes).
    Removing system_mkl46z4.o(.revsh_text), (4 bytes).
    Removing system_mkl46z4.o(i.SystemCoreClockUpdate), (400 bytes).
    Removing system_mkl46z4.o(i.__ARM_common_switch8), (28 bytes).

21 unused section(s) (total 494 bytes) removed from the image.

==============================================================================

Image Symbol Table

    Local Symbols

    Symbol Name                              Value     Ov Type        Size  Object(Section)

    RESET                                    0x00000000   Section      192  startup_mkl46z4.o(RESET)
    ../clib/angel/boardlib.s                 0x00000000   Number         0  boardshut.o ABSOLUTE
    ../clib/angel/boardlib.s                 0x00000000   Number         0  boardinit1.o ABSOLUTE
    ../clib/angel/boardlib.s                 0x00000000   Number         0  boardinit2.o ABSOLUTE
    ../clib/angel/boardlib.s                 0x00000000   Number         0  boardinit3.o ABSOLUTE
    ../clib/angel/handlers.s                 0x00000000   Number         0  __scatter_copy.o ABSOLUTE
    ../clib/angel/kernel.s                   0x00000000   Number         0  __rtentry4.o ABSOLUTE
    ../clib/angel/kernel.s                   0x00000000   Number         0  __rtentry.o ABSOLUTE
    ../clib/angel/kernel.s                   0x00000000   Number         0  rtexit2.o ABSOLUTE
    ../clib/angel/kernel.s                   0x00000000   Number         0  rtexit.o ABSOLUTE
    ../clib/angel/kernel.s                   0x00000000   Number         0  __rtentry2.o ABSOLUTE
    ../clib/angel/kernel.s                   0x00000000   Number         0  __rtentry7.o ABSOLUTE
    ../clib/angel/rt.s                       0x00000000   Number         0  aeabi_idiv0.o ABSOLUTE
    ../clib/angel/rt.s                       0x00000000   Number         0  aeabi_idiv0_sigfpe.o ABSOLUTE
    ../clib/angel/rt.s                       0x00000000   Number         0  rt_raise.o ABSOLUTE
    ../clib/angel/rt.s                       0x00000000   Number         0  rt_div0.o ABSOLUTE
    ../clib/angel/scatterp.s                 0x00000000   Number         0  __scatter.o ABSOLUTE
    ../clib/angel/startup.s                  0x00000000   Number         0  __main.o ABSOLUTE
    ../clib/angel/sys.s                      0x00000000   Number         0  libspace.o ABSOLUTE
    ../clib/angel/sys.s                      0x00000000   Number         0  sys_stackheap_outer.o ABSOLUTE
    ../clib/angel/sys.s                      0x00000000   Number         0  indicate_semi.o ABSOLUTE
    ../clib/angel/sys.s                      0x00000000   Number         0  use_no_semi.o ABSOLUTE
    ../clib/angel/sys.s                      0x00000000   Number         0  tempstk.o ABSOLUTE
    ../clib/angel/sys.s                      0x00000000   Number         0  sys_stackheap.o ABSOLUTE
    ../clib/angel/sysapp.c                   0x00000000   Number         0  sys_wrch.o ABSOLUTE
    ../clib/angel/sysapp.c                   0x00000000   Number         0  sys_exit.o ABSOLUTE
    ../clib/angel/sysapp.c                   0x00000000   Number         0  sys_command.o ABSOLUTE
    ../clib/armsys.c                         0x00000000   Number         0  argv_veneer.o ABSOLUTE
    ../clib/armsys.c                         0x00000000   Number         0  no_argv.o ABSOLUTE
    ../clib/armsys.c                         0x00000000   Number         0  _get_argv_nomalloc.o ABSOLUTE
    ../clib/division.c                       0x00000000   Number         0  rtudiv10.o ABSOLUTE
    ../clib/division.s                       0x00000000   Number         0  aeabi_sdiv_div0.o ABSOLUTE
    ../clib/division.s                       0x00000000   Number         0  aeabi_sdiv.o ABSOLUTE
    ../clib/heapalloc.c                      0x00000000   Number         0  hrguard.o ABSOLUTE
    ../clib/libinit.s                        0x00000000   Number         0  libinit.o ABSOLUTE
    ../clib/libinit.s                        0x00000000   Number         0  libinit2.o ABSOLUTE
    ../clib/libinit.s                        0x00000000   Number         0  libshutdown.o ABSOLUTE
    ../clib/libinit.s                        0x00000000   Number         0  libshutdown2.o ABSOLUTE
    ../clib/libinit.s                        0x00000000   Number         0  libinit5.o ABSOLUTE
    ../clib/printf.c                         0x00000000   Number         0  __printf_flags_ss.o ABSOLUTE
    ../clib/printf.c                         0x00000000   Number         0  __2sprintf.o ABSOLUTE
    ../clib/printf.c                         0x00000000   Number         0  noretval__2sprintf.o ABSOLUTE
    ../clib/printf.c                         0x00000000   Number         0  __printf_nopercent.o ABSOLUTE
    ../clib/printf.c                         0x00000000   Number         0  __printf.o ABSOLUTE
    ../clib/printf.c                         0x00000000   Number         0  _printf_intcommon.o ABSOLUTE
    ../clib/printf.c                         0x00000000   Number         0  _printf_dec.o ABSOLUTE
    ../clib/printf.c                         0x00000000   Number         0  _printf_char_common.o ABSOLUTE
    ../clib/printf.c                         0x00000000   Number         0  __printf_flags.o ABSOLUTE
    ../clib/printf.c                         0x00000000   Number         0  __printf_ss.o ABSOLUTE
    ../clib/printf.c                         0x00000000   Number         0  _sputc.o ABSOLUTE
    ../clib/printf.c                         0x00000000   Number         0  __printf_wp.o ABSOLUTE
    ../clib/printf.c                         0x00000000   Number         0  __printf_flags_wp.o ABSOLUTE
    ../clib/printf.c                         0x00000000   Number         0  __printf_ss_wp.o ABSOLUTE
    ../clib/printf.c                         0x00000000   Number         0  __printf_flags_ss_wp.o ABSOLUTE
    ../clib/printf_percent.s                 0x00000000   Number         0  _printf_percent.o ABSOLUTE
    ../clib/printf_percent.s                 0x00000000   Number         0  _printf_percent_end.o ABSOLUTE
    ../clib/printf_percent.s                 0x00000000   Number         0  _printf_d.o ABSOLUTE
    ../clib/signal.c                         0x00000000   Number         0  defsig_rtred_inner.o ABSOLUTE
    ../clib/signal.c                         0x00000000   Number         0  defsig_abrt_inner.o ABSOLUTE
    ../clib/signal.c                         0x00000000   Number         0  defsig_fpe_formal.o ABSOLUTE
    ../clib/signal.c                         0x00000000   Number         0  defsig_fpe_outer.o ABSOLUTE
    ../clib/signal.c                         0x00000000   Number         0  defsig_rtmem_formal.o ABSOLUTE
    ../clib/signal.c                         0x00000000   Number         0  defsig_general.o ABSOLUTE
    ../clib/signal.c                         0x00000000   Number         0  __raise.o ABSOLUTE
    ../clib/signal.c                         0x00000000   Number         0  defsig_fpe_inner.o ABSOLUTE
    ../clib/signal.c                         0x00000000   Number         0  defsig_exit.o ABSOLUTE
    ../clib/signal.c                         0x00000000   Number         0  defsig_rtmem_inner.o ABSOLUTE
    ../clib/signal.c                         0x00000000   Number         0  defsig_other.o ABSOLUTE
    ../clib/signal.c                         0x00000000   Number         0  defsig_segv_inner.o ABSOLUTE
    ../clib/signal.c                         0x00000000   Number         0  defsig_cppl_inner.o ABSOLUTE
    ../clib/signal.c                         0x00000000   Number         0  defsig_pvfn_inner.o ABSOLUTE
    ../clib/signal.c                         0x00000000   Number         0  defsig_stak_inner.o ABSOLUTE
    ../clib/signal.c                         0x00000000   Number         0  defsig_rtmem_outer.o ABSOLUTE
    ../clib/signal.s                         0x00000000   Number         0  defsig.o ABSOLUTE
    ../clib/stdlib.c                         0x00000000   Number         0  exit.o ABSOLUTE
    ../clib/string.c                         0x00000000   Number         0  strlen.o ABSOLUTE
    ../fplib/cfplib/fpinit.c                 0x00000000   Number         0  fpinit.o ABSOLUTE
    GPIO.c                                   0x00000000   Number         0  gpio.o ABSOLUTE
    GPIO.c                                   0x00000000   Number         0  gpio.o ABSOLUTE
    LCD.c                                    0x00000000   Number         0  lcd.o ABSOLUTE
    LCD.c                                    0x00000000   Number         0  lcd.o ABSOLUTE
    RTE/Device/MKL46Z256VMC4/startup_MKL46Z4.s 0x00000000   Number         0  startup_mkl46z4.o ABSOLUTE
    RTE/Device/MKL46Z256VMC4/system_MKL46Z4.c 0x00000000   Number         0  system_mkl46z4.o ABSOLUTE
    RTE\Device\MKL46Z256VMC4\system_MKL46Z4.c 0x00000000   Number         0  system_mkl46z4.o ABSOLUTE
    dc.s                                     0x00000000   Number         0  dc.o ABSOLUTE
    i2c.c                                    0x00000000   Number         0  i2c.o ABSOLUTE
    i2c.c                                    0x00000000   Number         0  i2c.o ABSOLUTE
    main.c                                   0x00000000   Number         0  main.o ABSOLUTE
    main.c                                   0x00000000   Number         0  main.o ABSOLUTE
    timer.c                                  0x00000000   Number         0  timer.o ABSOLUTE
    timer.c                                  0x00000000   Number         0  timer.o ABSOLUTE
    uart.c                                   0x00000000   Number         0  uart.o ABSOLUTE
    uart.c                                   0x00000000   Number         0  uart.o ABSOLUTE
    FlashConfig                              0x00000400   Section       16  startup_mkl46z4.o(FlashConfig)
    !!!main                                  0x00000410   Section        8  __main.o(!!!main)
    !!!scatter                               0x00000418   Section       60  __scatter.o(!!!scatter)
    !!handler_copy                           0x00000454   Section       26  __scatter_copy.o(!!handler_copy)
    .ARM.Collect$$_printf_percent$$00000000  0x0000046e   Section        2  _printf_percent.o(.ARM.Collect$$_printf_percent$$00000000)
    .ARM.Collect$$_printf_percent$$00000009  0x00000470   Section       10  _printf_d.o(.ARM.Collect$$_printf_percent$$00000009)
    .ARM.Collect$$_printf_percent$$00000017  0x0000047a   Section        4  _printf_percent_end.o(.ARM.Collect$$_printf_percent$$00000017)
    .ARM.Collect$$libinit$$00000000          0x0000047e   Section        2  libinit.o(.ARM.Collect$$libinit$$00000000)
    .ARM.Collect$$libinit$$00000002          0x00000480   Section        0  libinit2.o(.ARM.Collect$$libinit$$00000002)
    .ARM.Collect$$libinit$$00000004          0x00000480   Section        0  libinit2.o(.ARM.Collect$$libinit$$00000004)
    .ARM.Collect$$libinit$$0000000A          0x00000480   Section        0  libinit2.o(.ARM.Collect$$libinit$$0000000A)
    .ARM.Collect$$libinit$$0000000C          0x00000480   Section        0  libinit2.o(.ARM.Collect$$libinit$$0000000C)
    .ARM.Collect$$libinit$$0000000E          0x00000480   Section        0  libinit2.o(.ARM.Collect$$libinit$$0000000E)
    .ARM.Collect$$libinit$$00000011          0x00000480   Section        0  libinit2.o(.ARM.Collect$$libinit$$00000011)
    .ARM.Collect$$libinit$$00000013          0x00000480   Section        0  libinit2.o(.ARM.Collect$$libinit$$00000013)
    .ARM.Collect$$libinit$$00000015          0x00000480   Section        0  libinit2.o(.ARM.Collect$$libinit$$00000015)
    .ARM.Collect$$libinit$$00000017          0x00000480   Section        0  libinit2.o(.ARM.Collect$$libinit$$00000017)
    .ARM.Collect$$libinit$$00000019          0x00000480   Section        0  libinit2.o(.ARM.Collect$$libinit$$00000019)
    .ARM.Collect$$libinit$$0000001B          0x00000480   Section        0  libinit2.o(.ARM.Collect$$libinit$$0000001B)
    .ARM.Collect$$libinit$$0000001D          0x00000480   Section        0  libinit2.o(.ARM.Collect$$libinit$$0000001D)
    .ARM.Collect$$libinit$$0000001F          0x00000480   Section        0  libinit2.o(.ARM.Collect$$libinit$$0000001F)
    .ARM.Collect$$libinit$$00000021          0x00000480   Section        0  libinit2.o(.ARM.Collect$$libinit$$00000021)
    .ARM.Collect$$libinit$$00000023          0x00000480   Section        0  libinit2.o(.ARM.Collect$$libinit$$00000023)
    .ARM.Collect$$libinit$$00000025          0x00000480   Section        0  libinit2.o(.ARM.Collect$$libinit$$00000025)
    .ARM.Collect$$libinit$$0000002C          0x00000480   Section        0  libinit2.o(.ARM.Collect$$libinit$$0000002C)
    .ARM.Collect$$libinit$$0000002E          0x00000480   Section        0  libinit2.o(.ARM.Collect$$libinit$$0000002E)
    .ARM.Collect$$libinit$$00000030          0x00000480   Section        0  libinit2.o(.ARM.Collect$$libinit$$00000030)
    .ARM.Collect$$libinit$$00000032          0x00000480   Section        0  libinit2.o(.ARM.Collect$$libinit$$00000032)
    .ARM.Collect$$libinit$$00000033          0x00000480   Section        2  libinit2.o(.ARM.Collect$$libinit$$00000033)
    .ARM.Collect$$libshutdown$$00000000      0x00000482   Section        2  libshutdown.o(.ARM.Collect$$libshutdown$$00000000)
    .ARM.Collect$$libshutdown$$00000002      0x00000484   Section        0  libshutdown2.o(.ARM.Collect$$libshutdown$$00000002)
    .ARM.Collect$$libshutdown$$00000004      0x00000484   Section        0  libshutdown2.o(.ARM.Collect$$libshutdown$$00000004)
    .ARM.Collect$$libshutdown$$00000006      0x00000484   Section        0  libshutdown2.o(.ARM.Collect$$libshutdown$$00000006)
    .ARM.Collect$$libshutdown$$00000009      0x00000484   Section        0  libshutdown2.o(.ARM.Collect$$libshutdown$$00000009)
    .ARM.Collect$$libshutdown$$0000000C      0x00000484   Section        0  libshutdown2.o(.ARM.Collect$$libshutdown$$0000000C)
    .ARM.Collect$$libshutdown$$0000000E      0x00000484   Section        0  libshutdown2.o(.ARM.Collect$$libshutdown$$0000000E)
    .ARM.Collect$$libshutdown$$00000011      0x00000484   Section        0  libshutdown2.o(.ARM.Collect$$libshutdown$$00000011)
    .ARM.Collect$$libshutdown$$00000012      0x00000484   Section        2  libshutdown2.o(.ARM.Collect$$libshutdown$$00000012)
    .ARM.Collect$$rtentry$$00000000          0x00000486   Section        0  __rtentry.o(.ARM.Collect$$rtentry$$00000000)
    .ARM.Collect$$rtentry$$00000002          0x00000486   Section        0  __rtentry2.o(.ARM.Collect$$rtentry$$00000002)
    .ARM.Collect$$rtentry$$00000007          0x00000486   Section        4  __rtentry7.o(.ARM.Collect$$rtentry$$00000007)
    .ARM.Collect$$rtentry$$00000009          0x0000048a   Section        0  __rtentry2.o(.ARM.Collect$$rtentry$$00000009)
    .ARM.Collect$$rtentry$$0000000A          0x0000048a   Section        4  __rtentry2.o(.ARM.Collect$$rtentry$$0000000A)
    .ARM.Collect$$rtentry$$0000000C          0x0000048e   Section        0  __rtentry2.o(.ARM.Collect$$rtentry$$0000000C)
    .ARM.Collect$$rtentry$$0000000D          0x0000048e   Section        8  __rtentry2.o(.ARM.Collect$$rtentry$$0000000D)
    .ARM.Collect$$rtentry$$00002718          0x00000498   Section        4  __rtentry7.o(.ARM.Collect$$rtentry$$00002718)
    __lit__00000000                          0x00000498   Data           4  __rtentry7.o(.ARM.Collect$$rtentry$$00002718)
    .ARM.Collect$$rtexit$$00000000           0x0000049c   Section        2  rtexit.o(.ARM.Collect$$rtexit$$00000000)
    .ARM.Collect$$rtexit$$00000002           0x0000049e   Section        0  rtexit2.o(.ARM.Collect$$rtexit$$00000002)
    .ARM.Collect$$rtexit$$00000003           0x0000049e   Section        4  rtexit2.o(.ARM.Collect$$rtexit$$00000003)
    .ARM.Collect$$rtexit$$00000004           0x000004a2   Section        6  rtexit2.o(.ARM.Collect$$rtexit$$00000004)
    .text                                    0x000004a8   Section      156  startup_mkl46z4.o(.text)
    .text                                    0x00000544   Section        0  noretval__2sprintf.o(.text)
    .text                                    0x0000056c   Section        0  __printf.o(.text)
    .text                                    0x000005d8   Section        0  _printf_dec.o(.text)
    .text                                    0x00000644   Section        0  strlen.o(.text)
    .text                                    0x00000688   Section      346  aeabi_sdiv.o(.text)
    .text                                    0x000007e2   Section        0  _printf_intcommon.o(.text)
    .text                                    0x00000894   Section        0  _printf_char_common.o(.text)
    _printf_input_char                       0x00000895   Thumb Code    10  _printf_char_common.o(.text)
    .text                                    0x000008c4   Section        0  _sputc.o(.text)
    .text                                    0x000008ce   Section        0  rtudiv10.o(.text)
    .text                                    0x000008f6   Section        0  exit.o(.text)
    .text                                    0x00000908   Section        0  sys_exit.o(.text)
    .text                                    0x00000914   Section        2  use_no_semi.o(.text)
    .text                                    0x00000916   Section        0  indicate_semi.o(.text)
    i.I2C_Init                               0x00000918   Section        0  i2c.o(i.I2C_Init)
    i.I2C_Receive                            0x0000097c   Section        0  i2c.o(i.I2C_Receive)
    i.I2C_Transmit                           0x00000a78   Section        0  i2c.o(i.I2C_Transmit)
    i.InitUART                               0x00000b24   Section        0  uart.o(i.InitUART)
    i.PIT_IRQHandler                         0x00000be4   Section        0  main.o(i.PIT_IRQHandler)
    i.SystemInit                             0x00000ca4   Section        0  system_mkl46z4.o(i.SystemInit)
    i.SystemInitHook                         0x00000cb8   Section        0  system_mkl46z4.o(i.SystemInitHook)
    i.Timer_Init                             0x00000cbc   Section        0  timer.o(i.Timer_Init)
    i.TransferMsg                            0x00000d38   Section        0  uart.o(i.TransferMsg)
    i.TransferSingleChar                     0x00000d50   Section        0  uart.o(i.TransferSingleChar)
    i.__NVIC_SetPriority                     0x00000d68   Section        0  timer.o(i.__NVIC_SetPriority)
    __NVIC_SetPriority                       0x00000d69   Thumb Code   110  timer.o(i.__NVIC_SetPriority)
    i._abs                                   0x00000de0   Section        0  main.o(i._abs)
    i.accelerometer_init                     0x00000df0   Section        0  main.o(i.accelerometer_init)
    i.accelerometer_read                     0x00000e10   Section        0  main.o(i.accelerometer_read)
    i.fall_check                             0x00000f48   Section        0  main.o(i.fall_check)
    i.main                                   0x00000f68   Section        0  main.o(i.main)
    i.sLCD_Clear                             0x00000fc8   Section        0  lcd.o(i.sLCD_Clear)
    i.sLCD_DotClear                          0x00000ff0   Section        0  lcd.o(i.sLCD_DotClear)
    i.sLCD_DotSet                            0x00001018   Section        0  lcd.o(i.sLCD_DotSet)
    i.sLCD_Fall_Message_Print                0x00001040   Section        0  lcd.o(i.sLCD_Fall_Message_Print)
    i.sLCD_Init                              0x000010bc   Section        0  lcd.o(i.sLCD_Init)
    i.sLCD_Print                             0x000011dc   Section        0  lcd.o(i.sLCD_Print)
    i.send_data                              0x00001248   Section        0  main.o(i.send_data)
    i.show_current_time                      0x00001298   Section        0  main.o(i.show_current_time)
    .data                                    0x1fffe000   Section       15  main.o(.data)
    .data                                    0x1fffe00f   Section       46  lcd.o(.data)
    .data                                    0x1fffe040   Section        4  system_mkl46z4.o(.data)

    Global Symbols

    Symbol Name                              Value     Ov Type        Size  Object(Section)

    BuildAttributes$$THM_ISAv3M$S$PE$A:L22$X:L11$S22$IEEE1$IW$USESV6$~STKCKD$USESV7$~SHL$OSPACE$ROPI$EBA8$UX$STANDARDLIB$REQ8$PRES8$EABIv2 0x00000000   Number         0  anon$$obj.o ABSOLUTE
    __ARM_use_no_argv                        0x00000000   Number         0  main.o ABSOLUTE
    __Vectors                                0x00000000   Data           4  startup_mkl46z4.o(RESET)
    Image$$ZI$$Limit                          - Undefined Weak Reference
    __ARM_exceptions_init                     - Undefined Weak Reference
    __alloca_initialize                       - Undefined Weak Reference
    __arm_fini_                               - Undefined Weak Reference
    __arm_preinit_                            - Undefined Weak Reference
    __cpp_initialize__aeabi_                  - Undefined Weak Reference
    __cxa_finalize                            - Undefined Weak Reference
    __rt_locale                               - Undefined Weak Reference
    __sigvec_lookup                           - Undefined Weak Reference
    _atexit_init                              - Undefined Weak Reference
    _call_atexit_fns                          - Undefined Weak Reference
    _clock_init                               - Undefined Weak Reference
    _fp_trap_init                             - Undefined Weak Reference
    _fp_trap_shutdown                         - Undefined Weak Reference
    _get_lc_collate                           - Undefined Weak Reference
    _get_lc_ctype                             - Undefined Weak Reference
    _get_lc_monetary                          - Undefined Weak Reference
    _get_lc_numeric                           - Undefined Weak Reference
    _get_lc_time                              - Undefined Weak Reference
    _getenv_init                              - Undefined Weak Reference
    _handle_redirection                       - Undefined Weak Reference
    _init_alloc                               - Undefined Weak Reference
    _init_user_alloc                          - Undefined Weak Reference
    _initio                                   - Undefined Weak Reference
    _printf_post_padding                      - Undefined Weak Reference
    _printf_pre_padding                       - Undefined Weak Reference
    _printf_truncate_signed                   - Undefined Weak Reference
    _printf_truncate_unsigned                 - Undefined Weak Reference
    _rand_init                                - Undefined Weak Reference
    _signal_finish                            - Undefined Weak Reference
    _signal_init                              - Undefined Weak Reference
    _terminate_alloc                          - Undefined Weak Reference
    _terminate_user_alloc                     - Undefined Weak Reference
    _terminateio                              - Undefined Weak Reference
    __Vectors_End                            0x000000c0   Data           0  startup_mkl46z4.o(RESET)
    __Vectors_Size                           0x000000c0   Number         0  startup_mkl46z4.o ABSOLUTE
    __main                                   0x00000411   Thumb Code     8  __main.o(!!!main)
    __scatterload                            0x00000419   Thumb Code     0  __scatter.o(!!!scatter)
    __scatterload_rt2                        0x00000419   Thumb Code    52  __scatter.o(!!!scatter)
    __scatterload_rt2_thumb_only             0x00000419   Thumb Code     0  __scatter.o(!!!scatter)
    __scatterload_null                       0x00000429   Thumb Code     0  __scatter.o(!!!scatter)
    __scatterload_copy                       0x00000455   Thumb Code    26  __scatter_copy.o(!!handler_copy)
    _printf_percent                          0x0000046f   Thumb Code     0  _printf_percent.o(.ARM.Collect$$_printf_percent$$00000000)
    _printf_d                                0x00000471   Thumb Code     0  _printf_d.o(.ARM.Collect$$_printf_percent$$00000009)
    _printf_percent_end                      0x0000047b   Thumb Code     0  _printf_percent_end.o(.ARM.Collect$$_printf_percent$$00000017)
    __rt_lib_init                            0x0000047f   Thumb Code     0  libinit.o(.ARM.Collect$$libinit$$00000000)
    __rt_lib_init_alloca_1                   0x00000481   Thumb Code     0  libinit2.o(.ARM.Collect$$libinit$$0000002E)
    __rt_lib_init_argv_1                     0x00000481   Thumb Code     0  libinit2.o(.ARM.Collect$$libinit$$0000002C)
    __rt_lib_init_atexit_1                   0x00000481   Thumb Code     0  libinit2.o(.ARM.Collect$$libinit$$0000001B)
    __rt_lib_init_clock_1                    0x00000481   Thumb Code     0  libinit2.o(.ARM.Collect$$libinit$$00000021)
    __rt_lib_init_cpp_1                      0x00000481   Thumb Code     0  libinit2.o(.ARM.Collect$$libinit$$00000032)
    __rt_lib_init_exceptions_1               0x00000481   Thumb Code     0  libinit2.o(.ARM.Collect$$libinit$$00000030)
    __rt_lib_init_fp_1                       0x00000481   Thumb Code     0  libinit2.o(.ARM.Collect$$libinit$$00000002)
    __rt_lib_init_fp_trap_1                  0x00000481   Thumb Code     0  libinit2.o(.ARM.Collect$$libinit$$0000001F)
    __rt_lib_init_getenv_1                   0x00000481   Thumb Code     0  libinit2.o(.ARM.Collect$$libinit$$00000023)
    __rt_lib_init_heap_1                     0x00000481   Thumb Code     0  libinit2.o(.ARM.Collect$$libinit$$0000000A)
    __rt_lib_init_lc_collate_1               0x00000481   Thumb Code     0  libinit2.o(.ARM.Collect$$libinit$$00000011)
    __rt_lib_init_lc_ctype_1                 0x00000481   Thumb Code     0  libinit2.o(.ARM.Collect$$libinit$$00000013)
    __rt_lib_init_lc_monetary_1              0x00000481   Thumb Code     0  libinit2.o(.ARM.Collect$$libinit$$00000015)
    __rt_lib_init_lc_numeric_1               0x00000481   Thumb Code     0  libinit2.o(.ARM.Collect$$libinit$$00000017)
    __rt_lib_init_lc_time_1                  0x00000481   Thumb Code     0  libinit2.o(.ARM.Collect$$libinit$$00000019)
    __rt_lib_init_preinit_1                  0x00000481   Thumb Code     0  libinit2.o(.ARM.Collect$$libinit$$00000004)
    __rt_lib_init_rand_1                     0x00000481   Thumb Code     0  libinit2.o(.ARM.Collect$$libinit$$0000000E)
    __rt_lib_init_return                     0x00000481   Thumb Code     0  libinit2.o(.ARM.Collect$$libinit$$00000033)
    __rt_lib_init_signal_1                   0x00000481   Thumb Code     0  libinit2.o(.ARM.Collect$$libinit$$0000001D)
    __rt_lib_init_stdio_1                    0x00000481   Thumb Code     0  libinit2.o(.ARM.Collect$$libinit$$00000025)
    __rt_lib_init_user_alloc_1               0x00000481   Thumb Code     0  libinit2.o(.ARM.Collect$$libinit$$0000000C)
    __rt_lib_shutdown                        0x00000483   Thumb Code     0  libshutdown.o(.ARM.Collect$$libshutdown$$00000000)
    __rt_lib_shutdown_cpp_1                  0x00000485   Thumb Code     0  libshutdown2.o(.ARM.Collect$$libshutdown$$00000004)
    __rt_lib_shutdown_fini_1                 0x00000485   Thumb Code     0  libshutdown2.o(.ARM.Collect$$libshutdown$$00000002)
    __rt_lib_shutdown_fp_trap_1              0x00000485   Thumb Code     0  libshutdown2.o(.ARM.Collect$$libshutdown$$00000009)
    __rt_lib_shutdown_heap_1                 0x00000485   Thumb Code     0  libshutdown2.o(.ARM.Collect$$libshutdown$$00000011)
    __rt_lib_shutdown_return                 0x00000485   Thumb Code     0  libshutdown2.o(.ARM.Collect$$libshutdown$$00000012)
    __rt_lib_shutdown_signal_1               0x00000485   Thumb Code     0  libshutdown2.o(.ARM.Collect$$libshutdown$$0000000C)
    __rt_lib_shutdown_stdio_1                0x00000485   Thumb Code     0  libshutdown2.o(.ARM.Collect$$libshutdown$$00000006)
    __rt_lib_shutdown_user_alloc_1           0x00000485   Thumb Code     0  libshutdown2.o(.ARM.Collect$$libshutdown$$0000000E)
    __rt_entry                               0x00000487   Thumb Code     0  __rtentry.o(.ARM.Collect$$rtentry$$00000000)
    __rt_entry_presh_1                       0x00000487   Thumb Code     0  __rtentry2.o(.ARM.Collect$$rtentry$$00000002)
    __rt_entry_sh                            0x00000487   Thumb Code     0  __rtentry7.o(.ARM.Collect$$rtentry$$00000007)
    __rt_entry_li                            0x0000048b   Thumb Code     0  __rtentry2.o(.ARM.Collect$$rtentry$$0000000A)
    __rt_entry_postsh_1                      0x0000048b   Thumb Code     0  __rtentry2.o(.ARM.Collect$$rtentry$$00000009)
    __rt_entry_main                          0x0000048f   Thumb Code     0  __rtentry2.o(.ARM.Collect$$rtentry$$0000000D)
    __rt_entry_postli_1                      0x0000048f   Thumb Code     0  __rtentry2.o(.ARM.Collect$$rtentry$$0000000C)
    __rt_exit                                0x0000049d   Thumb Code     0  rtexit.o(.ARM.Collect$$rtexit$$00000000)
    __rt_exit_ls                             0x0000049f   Thumb Code     0  rtexit2.o(.ARM.Collect$$rtexit$$00000003)
    __rt_exit_prels_1                        0x0000049f   Thumb Code     0  rtexit2.o(.ARM.Collect$$rtexit$$00000002)
    __rt_exit_exit                           0x000004a3   Thumb Code     0  rtexit2.o(.ARM.Collect$$rtexit$$00000004)
    Reset_Handler                            0x000004a9   Thumb Code    24  startup_mkl46z4.o(.text)
    NMI_Handler                              0x000004c1   Thumb Code     2  startup_mkl46z4.o(.text)
    HardFault_Handler                        0x000004c3   Thumb Code     2  startup_mkl46z4.o(.text)
    SVC_Handler                              0x000004c5   Thumb Code     2  startup_mkl46z4.o(.text)
    PendSV_Handler                           0x000004c7   Thumb Code     2  startup_mkl46z4.o(.text)
    SysTick_Handler                          0x000004c9   Thumb Code     2  startup_mkl46z4.o(.text)
    DMA0_IRQHandler                          0x000004cb   Thumb Code     4  startup_mkl46z4.o(.text)
    DMA1_IRQHandler                          0x000004cf   Thumb Code     4  startup_mkl46z4.o(.text)
    DMA2_IRQHandler                          0x000004d3   Thumb Code     4  startup_mkl46z4.o(.text)
    DMA3_IRQHandler                          0x000004d7   Thumb Code     4  startup_mkl46z4.o(.text)
    I2C0_IRQHandler                          0x000004db   Thumb Code     4  startup_mkl46z4.o(.text)
    I2C1_IRQHandler                          0x000004df   Thumb Code     4  startup_mkl46z4.o(.text)
    SPI0_IRQHandler                          0x000004e3   Thumb Code     4  startup_mkl46z4.o(.text)
    SPI1_IRQHandler                          0x000004e7   Thumb Code     4  startup_mkl46z4.o(.text)
    UART0_IRQHandler                         0x000004eb   Thumb Code     4  startup_mkl46z4.o(.text)
    UART1_IRQHandler                         0x000004ef   Thumb Code     4  startup_mkl46z4.o(.text)
    UART2_IRQHandler                         0x000004f3   Thumb Code     4  startup_mkl46z4.o(.text)
    I2S0_IRQHandler                          0x000004f7   Thumb Code     4  startup_mkl46z4.o(.text)
    ADC0_IRQHandler                          0x000004fb   Thumb Code     0  startup_mkl46z4.o(.text)
    CMP0_IRQHandler                          0x000004fb   Thumb Code     0  startup_mkl46z4.o(.text)
    DAC0_IRQHandler                          0x000004fb   Thumb Code     0  startup_mkl46z4.o(.text)
    DMA0_DriverIRQHandler                    0x000004fb   Thumb Code     0  startup_mkl46z4.o(.text)
    DMA1_DriverIRQHandler                    0x000004fb   Thumb Code     0  startup_mkl46z4.o(.text)
    DMA2_DriverIRQHandler                    0x000004fb   Thumb Code     0  startup_mkl46z4.o(.text)
    DMA3_DriverIRQHandler                    0x000004fb   Thumb Code     0  startup_mkl46z4.o(.text)
    DefaultISR                               0x000004fb   Thumb Code     0  startup_mkl46z4.o(.text)
    FTFA_IRQHandler                          0x000004fb   Thumb Code     0  startup_mkl46z4.o(.text)
    I2C0_DriverIRQHandler                    0x000004fb   Thumb Code     0  startup_mkl46z4.o(.text)
    I2C1_DriverIRQHandler                    0x000004fb   Thumb Code     0  startup_mkl46z4.o(.text)
    I2S0_DriverIRQHandler                    0x000004fb   Thumb Code     0  startup_mkl46z4.o(.text)
    LCD_IRQHandler                           0x000004fb   Thumb Code     0  startup_mkl46z4.o(.text)
    LLWU_IRQHandler                          0x000004fb   Thumb Code     0  startup_mkl46z4.o(.text)
    LPTMR0_IRQHandler                        0x000004fb   Thumb Code     0  startup_mkl46z4.o(.text)
    LVD_LVW_IRQHandler                       0x000004fb   Thumb Code     0  startup_mkl46z4.o(.text)
    MCG_IRQHandler                           0x000004fb   Thumb Code     0  startup_mkl46z4.o(.text)
    PORTA_IRQHandler                         0x000004fb   Thumb Code     0  startup_mkl46z4.o(.text)
    PORTC_PORTD_IRQHandler                   0x000004fb   Thumb Code     0  startup_mkl46z4.o(.text)
    RTC_IRQHandler                           0x000004fb   Thumb Code     0  startup_mkl46z4.o(.text)
    RTC_Seconds_IRQHandler                   0x000004fb   Thumb Code     0  startup_mkl46z4.o(.text)
    Reserved20_IRQHandler                    0x000004fb   Thumb Code     0  startup_mkl46z4.o(.text)
    SPI0_DriverIRQHandler                    0x000004fb   Thumb Code     0  startup_mkl46z4.o(.text)
    SPI1_DriverIRQHandler                    0x000004fb   Thumb Code     0  startup_mkl46z4.o(.text)
    TPM0_IRQHandler                          0x000004fb   Thumb Code     0  startup_mkl46z4.o(.text)
    TPM1_IRQHandler                          0x000004fb   Thumb Code     0  startup_mkl46z4.o(.text)
    TPM2_IRQHandler                          0x000004fb   Thumb Code     0  startup_mkl46z4.o(.text)
    TSI0_IRQHandler                          0x000004fb   Thumb Code     0  startup_mkl46z4.o(.text)
    UART0_DriverIRQHandler                   0x000004fb   Thumb Code     0  startup_mkl46z4.o(.text)
    UART1_DriverIRQHandler                   0x000004fb   Thumb Code     0  startup_mkl46z4.o(.text)
    UART2_DriverIRQHandler                   0x000004fb   Thumb Code     0  startup_mkl46z4.o(.text)
    USB0_IRQHandler                          0x000004fb   Thumb Code     0  startup_mkl46z4.o(.text)
    __2sprintf                               0x00000545   Thumb Code    36  noretval__2sprintf.o(.text)
    __printf                                 0x0000056d   Thumb Code   108  __printf.o(.text)
    _printf_int_dec                          0x000005d9   Thumb Code    90  _printf_dec.o(.text)
    strlen                                   0x00000645   Thumb Code    62  strlen.o(.text)
    __aeabi_uidiv                            0x00000689   Thumb Code     0  aeabi_sdiv.o(.text)
    __aeabi_uidivmod                         0x00000689   Thumb Code    20  aeabi_sdiv.o(.text)
    __aeabi_idiv                             0x0000069d   Thumb Code     0  aeabi_sdiv.o(.text)
    __aeabi_idivmod                          0x0000069d   Thumb Code   326  aeabi_sdiv.o(.text)
    _printf_int_common                       0x000007e3   Thumb Code   176  _printf_intcommon.o(.text)
    _printf_char_common                      0x0000089f   Thumb Code    32  _printf_char_common.o(.text)
    _sputc                                   0x000008c5   Thumb Code    10  _sputc.o(.text)
    __rt_udiv10                              0x000008cf   Thumb Code    40  rtudiv10.o(.text)
    exit                                     0x000008f7   Thumb Code    16  exit.o(.text)
    _sys_exit                                0x00000909   Thumb Code     8  sys_exit.o(.text)
    __I$use$semihosting                      0x00000915   Thumb Code     0  use_no_semi.o(.text)
    __use_no_semihosting_swi                 0x00000915   Thumb Code     2  use_no_semi.o(.text)
    __semihosting_library_function           0x00000917   Thumb Code     0  indicate_semi.o(.text)
    I2C_Init                                 0x00000919   Thumb Code    86  i2c.o(i.I2C_Init)
    I2C_Receive                              0x0000097d   Thumb Code   246  i2c.o(i.I2C_Receive)
    I2C_Transmit                             0x00000a79   Thumb Code   168  i2c.o(i.I2C_Transmit)
    InitUART                                 0x00000b25   Thumb Code   176  uart.o(i.InitUART)
    PIT_IRQHandler                           0x00000be5   Thumb Code   164  main.o(i.PIT_IRQHandler)
    SystemInit                               0x00000ca5   Thumb Code    14  system_mkl46z4.o(i.SystemInit)
    SystemInitHook                           0x00000cb9   Thumb Code     2  system_mkl46z4.o(i.SystemInitHook)
    Timer_Init                               0x00000cbd   Thumb Code    98  timer.o(i.Timer_Init)
    TransferMsg                              0x00000d39   Thumb Code    24  uart.o(i.TransferMsg)
    TransferSingleChar                       0x00000d51   Thumb Code    20  uart.o(i.TransferSingleChar)
    _abs                                     0x00000de1   Thumb Code    16  main.o(i._abs)
    accelerometer_init                       0x00000df1   Thumb Code    32  main.o(i.accelerometer_init)
    accelerometer_read                       0x00000e11   Thumb Code   300  main.o(i.accelerometer_read)
    fall_check                               0x00000f49   Thumb Code    24  main.o(i.fall_check)
    main                                     0x00000f69   Thumb Code    86  main.o(i.main)
    sLCD_Clear                               0x00000fc9   Thumb Code    28  lcd.o(i.sLCD_Clear)
    sLCD_DotClear                            0x00000ff1   Thumb Code    30  lcd.o(i.sLCD_DotClear)
    sLCD_DotSet                              0x00001019   Thumb Code    30  lcd.o(i.sLCD_DotSet)
    sLCD_Fall_Message_Print                  0x00001041   Thumb Code   104  lcd.o(i.sLCD_Fall_Message_Print)
    sLCD_Init                                0x000010bd   Thumb Code   244  lcd.o(i.sLCD_Init)
    sLCD_Print                               0x000011dd   Thumb Code    88  lcd.o(i.sLCD_Print)
    send_data                                0x00001249   Thumb Code    52  main.o(i.send_data)
    show_current_time                        0x00001299   Thumb Code    84  main.o(i.show_current_time)
    Region$$Table$$Base                      0x000012f4   Number         0  anon$$obj.o(Region$$Table)
    Region$$Table$$Limit                     0x00001304   Number         0  anon$$obj.o(Region$$Table)
    second                                   0x1fffe000   Data           1  main.o(.data)
    minute                                   0x1fffe001   Data           1  main.o(.data)
    hour                                     0x1fffe002   Data           1  main.o(.data)
    dot                                      0x1fffe003   Data           1  main.o(.data)
    isStartMeasure                           0x1fffe004   Data           1  main.o(.data)
    accel_x                                  0x1fffe006   Data           2  main.o(.data)
    accel_y                                  0x1fffe008   Data           2  main.o(.data)
    accel_z                                  0x1fffe00a   Data           2  main.o(.data)
    previous_accel_y                         0x1fffe00c   Data           2  main.o(.data)
    isFell                                   0x1fffe00e   Data           1  main.o(.data)
    ABC                                      0x1fffe00f   Data          16  lcd.o(.data)
    DEFG                                     0x1fffe01f   Data          16  lcd.o(.data)
    digit_ABC                                0x1fffe02f   Data           4  lcd.o(.data)
    digit_DEFG                               0x1fffe033   Data           4  lcd.o(.data)
    FALL_ABC                                 0x1fffe037   Data           3  lcd.o(.data)
    FALL_DEFG                                0x1fffe03a   Data           3  lcd.o(.data)
    SystemCoreClock                          0x1fffe040   Data           4  system_mkl46z4.o(.data)
    Image$$ARM_LIB_HEAP$$ZI$$Base            0x1fffe044   Number         0  anon$$obj.o ABSOLUTE
    Image$$ARM_LIB_HEAP$$ZI$$Limit           0x1fffe444   Number         0  anon$$obj.o ABSOLUTE
    Image$$ARM_LIB_STACK$$ZI$$Limit          0x20006000   Number         0  anon$$obj.o ABSOLUTE



==============================================================================

Memory Map of the image

  Image Entry point : 0x000004a9

  Load Region LR_m_text (Base: 0x00000000, Size: 0x00001348, Max: 0x00040000, ABSOLUTE)

    Execution Region VECTOR_ROM (Exec base: 0x00000000, Load base: 0x00000000, Size: 0x000000c0, Max: 0x00000200, ABSOLUTE)

    Exec Addr    Load Addr    Size         Type   Attr      Idx    E Section Name        Object

    0x00000000   0x00000000   0x000000c0   Data   RO          304    RESET               startup_mkl46z4.o


    Execution Region ER_m_flash_config (Exec base: 0x00000400, Load base: 0x00000400, Size: 0x00000010, Max: 0x00000010, ABSOLUTE, FIXED)

    Exec Addr    Load Addr    Size         Type   Attr      Idx    E Section Name        Object

    0x00000400   0x00000400   0x00000010   Data   RO          305    FlashConfig         startup_mkl46z4.o


    Execution Region ER_m_text (Exec base: 0x00000410, Load base: 0x00000410, Size: 0x00000ef4, Max: 0x0003fbf0, ABSOLUTE)

    Exec Addr    Load Addr    Size         Type   Attr      Idx    E Section Name        Object

    0x00000410   0x00000410   0x00000008   Code   RO          400  * !!!main             c_p.l(__main.o)
    0x00000418   0x00000418   0x0000003c   Code   RO          593    !!!scatter          c_p.l(__scatter.o)
    0x00000454   0x00000454   0x0000001a   Code   RO          595    !!handler_copy      c_p.l(__scatter_copy.o)
    0x0000046e   0x0000046e   0x00000002   Code   RO          393    .ARM.Collect$$_printf_percent$$00000000  c_p.l(_printf_percent.o)
    0x00000470   0x00000470   0x0000000a   Code   RO          392    .ARM.Collect$$_printf_percent$$00000009  c_p.l(_printf_d.o)
    0x0000047a   0x0000047a   0x00000004   Code   RO          413    .ARM.Collect$$_printf_percent$$00000017  c_p.l(_printf_percent_end.o)
    0x0000047e   0x0000047e   0x00000002   Code   RO          454    .ARM.Collect$$libinit$$00000000  c_p.l(libinit.o)
    0x00000480   0x00000480   0x00000000   Code   RO          470    .ARM.Collect$$libinit$$00000002  c_p.l(libinit2.o)
    0x00000480   0x00000480   0x00000000   Code   RO          472    .ARM.Collect$$libinit$$00000004  c_p.l(libinit2.o)
    0x00000480   0x00000480   0x00000000   Code   RO          475    .ARM.Collect$$libinit$$0000000A  c_p.l(libinit2.o)
    0x00000480   0x00000480   0x00000000   Code   RO          477    .ARM.Collect$$libinit$$0000000C  c_p.l(libinit2.o)
    0x00000480   0x00000480   0x00000000   Code   RO          479    .ARM.Collect$$libinit$$0000000E  c_p.l(libinit2.o)
    0x00000480   0x00000480   0x00000000   Code   RO          482    .ARM.Collect$$libinit$$00000011  c_p.l(libinit2.o)
    0x00000480   0x00000480   0x00000000   Code   RO          484    .ARM.Collect$$libinit$$00000013  c_p.l(libinit2.o)
    0x00000480   0x00000480   0x00000000   Code   RO          486    .ARM.Collect$$libinit$$00000015  c_p.l(libinit2.o)
    0x00000480   0x00000480   0x00000000   Code   RO          488    .ARM.Collect$$libinit$$00000017  c_p.l(libinit2.o)
    0x00000480   0x00000480   0x00000000   Code   RO          490    .ARM.Collect$$libinit$$00000019  c_p.l(libinit2.o)
    0x00000480   0x00000480   0x00000000   Code   RO          492    .ARM.Collect$$libinit$$0000001B  c_p.l(libinit2.o)
    0x00000480   0x00000480   0x00000000   Code   RO          494    .ARM.Collect$$libinit$$0000001D  c_p.l(libinit2.o)
    0x00000480   0x00000480   0x00000000   Code   RO          496    .ARM.Collect$$libinit$$0000001F  c_p.l(libinit2.o)
    0x00000480   0x00000480   0x00000000   Code   RO          498    .ARM.Collect$$libinit$$00000021  c_p.l(libinit2.o)
    0x00000480   0x00000480   0x00000000   Code   RO          500    .ARM.Collect$$libinit$$00000023  c_p.l(libinit2.o)
    0x00000480   0x00000480   0x00000000   Code   RO          502    .ARM.Collect$$libinit$$00000025  c_p.l(libinit2.o)
    0x00000480   0x00000480   0x00000000   Code   RO          506    .ARM.Collect$$libinit$$0000002C  c_p.l(libinit2.o)
    0x00000480   0x00000480   0x00000000   Code   RO          508    .ARM.Collect$$libinit$$0000002E  c_p.l(libinit2.o)
    0x00000480   0x00000480   0x00000000   Code   RO          510    .ARM.Collect$$libinit$$00000030  c_p.l(libinit2.o)
    0x00000480   0x00000480   0x00000000   Code   RO          512    .ARM.Collect$$libinit$$00000032  c_p.l(libinit2.o)
    0x00000480   0x00000480   0x00000002   Code   RO          513    .ARM.Collect$$libinit$$00000033  c_p.l(libinit2.o)
    0x00000482   0x00000482   0x00000002   Code   RO          548    .ARM.Collect$$libshutdown$$00000000  c_p.l(libshutdown.o)
    0x00000484   0x00000484   0x00000000   Code   RO          574    .ARM.Collect$$libshutdown$$00000002  c_p.l(libshutdown2.o)
    0x00000484   0x00000484   0x00000000   Code   RO          576    .ARM.Collect$$libshutdown$$00000004  c_p.l(libshutdown2.o)
    0x00000484   0x00000484   0x00000000   Code   RO          578    .ARM.Collect$$libshutdown$$00000006  c_p.l(libshutdown2.o)
    0x00000484   0x00000484   0x00000000   Code   RO          581    .ARM.Collect$$libshutdown$$00000009  c_p.l(libshutdown2.o)
    0x00000484   0x00000484   0x00000000   Code   RO          584    .ARM.Collect$$libshutdown$$0000000C  c_p.l(libshutdown2.o)
    0x00000484   0x00000484   0x00000000   Code   RO          586    .ARM.Collect$$libshutdown$$0000000E  c_p.l(libshutdown2.o)
    0x00000484   0x00000484   0x00000000   Code   RO          589    .ARM.Collect$$libshutdown$$00000011  c_p.l(libshutdown2.o)
    0x00000484   0x00000484   0x00000002   Code   RO          590    .ARM.Collect$$libshutdown$$00000012  c_p.l(libshutdown2.o)
    0x00000486   0x00000486   0x00000000   Code   RO          402    .ARM.Collect$$rtentry$$00000000  c_p.l(__rtentry.o)
    0x00000486   0x00000486   0x00000000   Code   RO          417    .ARM.Collect$$rtentry$$00000002  c_p.l(__rtentry2.o)
    0x00000486   0x00000486   0x00000004   Code   RO          431    .ARM.Collect$$rtentry$$00000007  c_p.l(__rtentry7.o)
    0x0000048a   0x0000048a   0x00000000   Code   RO          419    .ARM.Collect$$rtentry$$00000009  c_p.l(__rtentry2.o)
    0x0000048a   0x0000048a   0x00000004   Code   RO          420    .ARM.Collect$$rtentry$$0000000A  c_p.l(__rtentry2.o)
    0x0000048e   0x0000048e   0x00000000   Code   RO          422    .ARM.Collect$$rtentry$$0000000C  c_p.l(__rtentry2.o)
    0x0000048e   0x0000048e   0x00000008   Code   RO          423    .ARM.Collect$$rtentry$$0000000D  c_p.l(__rtentry2.o)
    0x00000496   0x00000496   0x00000002   PAD
    0x00000498   0x00000498   0x00000004   Code   RO          432    .ARM.Collect$$rtentry$$00002718  c_p.l(__rtentry7.o)
    0x0000049c   0x0000049c   0x00000002   Code   RO          461    .ARM.Collect$$rtexit$$00000000  c_p.l(rtexit.o)
    0x0000049e   0x0000049e   0x00000000   Code   RO          524    .ARM.Collect$$rtexit$$00000002  c_p.l(rtexit2.o)
    0x0000049e   0x0000049e   0x00000004   Code   RO          525    .ARM.Collect$$rtexit$$00000003  c_p.l(rtexit2.o)
    0x000004a2   0x000004a2   0x00000006   Code   RO          526    .ARM.Collect$$rtexit$$00000004  c_p.l(rtexit2.o)
    0x000004a8   0x000004a8   0x0000009c   Code   RO          306  * .text               startup_mkl46z4.o
    0x00000544   0x00000544   0x00000028   Code   RO          366    .text               c_p.l(noretval__2sprintf.o)
    0x0000056c   0x0000056c   0x0000006c   Code   RO          368    .text               c_p.l(__printf.o)
    0x000005d8   0x000005d8   0x0000006c   Code   RO          370    .text               c_p.l(_printf_dec.o)
    0x00000644   0x00000644   0x00000044   Code   RO          394    .text               c_p.l(strlen.o)
    0x00000688   0x00000688   0x0000015a   Code   RO          396    .text               c_p.l(aeabi_sdiv.o)
    0x000007e2   0x000007e2   0x000000b0   Code   RO          407    .text               c_p.l(_printf_intcommon.o)
    0x00000892   0x00000892   0x00000002   PAD
    0x00000894   0x00000894   0x00000030   Code   RO          409    .text               c_p.l(_printf_char_common.o)
    0x000008c4   0x000008c4   0x0000000a   Code   RO          411    .text               c_p.l(_sputc.o)
    0x000008ce   0x000008ce   0x00000028   Code   RO          414    .text               c_p.l(rtudiv10.o)
    0x000008f6   0x000008f6   0x00000010   Code   RO          443    .text               c_p.l(exit.o)
    0x00000906   0x00000906   0x00000002   PAD
    0x00000908   0x00000908   0x0000000c   Code   RO          518    .text               c_p.l(sys_exit.o)
    0x00000914   0x00000914   0x00000002   Code   RO          520    .text               c_p.l(use_no_semi.o)
    0x00000916   0x00000916   0x00000000   Code   RO          522    .text               c_p.l(indicate_semi.o)
    0x00000916   0x00000916   0x00000002   PAD
    0x00000918   0x00000918   0x00000064   Code   RO          114    i.I2C_Init          i2c.o
    0x0000097c   0x0000097c   0x000000fc   Code   RO          115    i.I2C_Receive       i2c.o
    0x00000a78   0x00000a78   0x000000ac   Code   RO          116    i.I2C_Transmit      i2c.o
    0x00000b24   0x00000b24   0x000000c0   Code   RO          227    i.InitUART          uart.o
    0x00000be4   0x00000be4   0x000000c0   Code   RO            5    i.PIT_IRQHandler    main.o
    0x00000ca4   0x00000ca4   0x00000014   Code   RO          313    i.SystemInit        system_mkl46z4.o
    0x00000cb8   0x00000cb8   0x00000002   Code   RO          314    i.SystemInitHook    system_mkl46z4.o
    0x00000cba   0x00000cba   0x00000002   PAD
    0x00000cbc   0x00000cbc   0x0000007c   Code   RO          199    i.Timer_Init        timer.o
    0x00000d38   0x00000d38   0x00000018   Code   RO          228    i.TransferMsg       uart.o
    0x00000d50   0x00000d50   0x00000018   Code   RO          229    i.TransferSingleChar  uart.o
    0x00000d68   0x00000d68   0x00000078   Code   RO          200    i.__NVIC_SetPriority  timer.o
    0x00000de0   0x00000de0   0x00000010   Code   RO            6    i._abs              main.o
    0x00000df0   0x00000df0   0x00000020   Code   RO            7    i.accelerometer_init  main.o
    0x00000e10   0x00000e10   0x00000138   Code   RO            8    i.accelerometer_read  main.o
    0x00000f48   0x00000f48   0x00000020   Code   RO            9    i.fall_check        main.o
    0x00000f68   0x00000f68   0x00000060   Code   RO           10    i.main              main.o
    0x00000fc8   0x00000fc8   0x00000028   Code   RO          146    i.sLCD_Clear        lcd.o
    0x00000ff0   0x00000ff0   0x00000028   Code   RO          147    i.sLCD_DotClear     lcd.o
    0x00001018   0x00001018   0x00000028   Code   RO          148    i.sLCD_DotSet       lcd.o
    0x00001040   0x00001040   0x0000007c   Code   RO          149    i.sLCD_Fall_Message_Print  lcd.o
    0x000010bc   0x000010bc   0x00000120   Code   RO          150    i.sLCD_Init         lcd.o
    0x000011dc   0x000011dc   0x0000006c   Code   RO          151    i.sLCD_Print        lcd.o
    0x00001248   0x00001248   0x00000050   Code   RO           11    i.send_data         main.o
    0x00001298   0x00001298   0x0000005c   Code   RO           12    i.show_current_time  main.o
    0x000012f4   0x000012f4   0x00000010   Data   RO          591    Region$$Table       anon$$obj.o


    Execution Region RW_m_data (Exec base: 0x1fffe000, Load base: 0x00001304, Size: 0x00000044, Max: 0x00007800, ABSOLUTE)

    Exec Addr    Load Addr    Size         Type   Attr      Idx    E Section Name        Object

    0x1fffe000   0x00001304   0x0000000f   Data   RW           13    .data               main.o
    0x1fffe00f   0x00001313   0x0000002e   Data   RW          152    .data               lcd.o
    0x1fffe03d   0x00001341   0x00000003   PAD
    0x1fffe040   0x00001344   0x00000004   Data   RW          315    .data               system_mkl46z4.o


    Execution Region ARM_LIB_HEAP (Exec base: 0x1fffe044, Load base: 0x00001348, Size: 0x00000400, Max: 0x00000400, ABSOLUTE)

    Exec Addr    Load Addr    Size         Type   Attr      Idx    E Section Name        Object

    0x1fffe044        -       0x00000400   Zero   RW            1    ARM_LIB_HEAP.bss    anon$$obj.o


    Execution Region ARM_LIB_STACK (Exec base: 0x20005c00, Load base: 0x00001348, Size: 0x00000400, Max: 0x00000400, ABSOLUTE)

    Exec Addr    Load Addr    Size         Type   Attr      Idx    E Section Name        Object

    0x20005c00        -       0x00000400   Zero   RW            2    ARM_LIB_STACK.bss   anon$$obj.o


==============================================================================

Image component sizes


      Code (inc. data)   RO Data    RW Data    ZI Data      Debug   Object Name

       524         24          0          0          0       2112   i2c.o
       640        116          0         46          0       3841   lcd.o
       852         94          0         15          0     284154   main.o
       156         70        208          0          0       1184   startup_mkl46z4.o
        22          6          0          4          0       1176   system_mkl46z4.o
       244         36          0          0          0       9009   timer.o
       240         20          0          0          0       1482   uart.o

    ----------------------------------------------------------------------
      2680        366        224         68       2048     302958   Object Totals
         0          0         16          0       2048          0   (incl. Generated)
         2          0          0          3          0          0   (incl. Padding)

    ----------------------------------------------------------------------

      Code (inc. data)   RO Data    RW Data    ZI Data      Debug   Library Member Name

         8          0          0          0          0         68   __main.o
       108          0          0          0          0         76   __printf.o
         0          0          0          0          0          0   __rtentry.o
        12          0          0          0          0          0   __rtentry2.o
         8          4          0          0          0          0   __rtentry7.o
        60          8          0          0          0          0   __scatter.o
        26          0          0          0          0          0   __scatter_copy.o
        48          6          0          0          0         88   _printf_char_common.o
        10          0          0          0          0          0   _printf_d.o
       108         18          0          0          0         76   _printf_dec.o
       176          0          0          0          0         84   _printf_intcommon.o
         2          0          0          0          0          0   _printf_percent.o
         4          0          0          0          0          0   _printf_percent_end.o
        10          0          0          0          0         60   _sputc.o
       346          0          0          0          0         92   aeabi_sdiv.o
        16          0          0          0          0         68   exit.o
         0          0          0          0          0          0   indicate_semi.o
         2          0          0          0          0          0   libinit.o
         2          0          0          0          0          0   libinit2.o
         2          0          0          0          0          0   libshutdown.o
         2          0          0          0          0          0   libshutdown2.o
        40          4          0          0          0         84   noretval__2sprintf.o
         2          0          0          0          0          0   rtexit.o
        10          0          0          0          0          0   rtexit2.o
        40          0          0          0          0         60   rtudiv10.o
        68          6          0          0          0         72   strlen.o
        12          4          0          0          0         60   sys_exit.o
         2          0          0          0          0         68   use_no_semi.o

    ----------------------------------------------------------------------
      1132         50          0          0          0        956   Library Totals
         8          0          0          0          0          0   (incl. Padding)

    ----------------------------------------------------------------------

      Code (inc. data)   RO Data    RW Data    ZI Data      Debug   Library Name

      1124         50          0          0          0        956   c_p.l

    ----------------------------------------------------------------------
      1132         50          0          0          0        956   Library Totals

    ----------------------------------------------------------------------

==============================================================================


      Code (inc. data)   RO Data    RW Data    ZI Data      Debug   

      3812        416        224         68       2048     302530   Grand Totals
      3812        416        224         68       2048     302530   ELF Image Totals
      3812        416        224         68          0          0   ROM Totals

==============================================================================

    Total RO  Size (Code + RO Data)                 4036 (   3.94kB)
    Total RW  Size (RW Data + ZI Data)              2116 (   2.07kB)
    Total ROM Size (Code + RO Data + RW Data)       4104 (   4.01kB)

==============================================================================

